// Jest Snapshot v1, https://goo.gl/fbAQLP

exports[`ClassifierAnnotationArea renders properly 1`] = `
<div class="annotation-area">
  <!---->
  <div class="feedback-interactions">
    <classifierannotationbutton id="A" label="[object Object]" data-title="A" value="A" class="label-button"></classifierannotationbutton>
    <classifierannotationbutton id="B" label="[object Object]" data-title="B" value="B" class="label-button"></classifierannotationbutton>
    <!---->
  </div>
</div>
`;
