// Jest Snapshot v1, https://goo.gl/fbAQLP

exports[`TableFiltrableColumn renders properly 1`] = `
<div class="filter__container"><button class=""><svg version="1.1" viewBox="0 0 41 40" class="svg-icon svg-fill" style="width: 16px;">
      <path fill="#4D4D4D" stroke="none" pid="0" d="M35.5 10A2.5 2.5 0 0033 7.5H8a2.5 2.5 0 000 5h25a2.5 2.5 0 002.5-2.5zM30.5 20a2.5 2.5 0 00-2.5-2.5H13a2.5 2.5 0 000 5h15a2.5 2.5 0 002.5-2.5zM23 27.5a2.5 2.5 0 010 5h-5a2.5 2.5 0 010-5h5z"></path>
    </svg>
    Workspace
  </button>
  <!---->
</div>
`;
