// Jest Snapshot v1, https://goo.gl/fbAQLP

exports[`RecordExtraActions renders properly 1`] = `
<div class="record__extra-actions" record="[object Object]" allowchangestatus="true" dataset="[object Object]">
  <base-button-stub class="small clear"><svg version="1.1" viewBox="0 0 30 8" class="svg-icon svg-fill" style="width: 14px;">
      <path fill="#4A4A4A" stroke="none" pid="0" d="M7.5 4A3.75 3.75 0 110 4a3.75 3.75 0 017.5 0zM18.75 4a3.75 3.75 0 11-7.5 0 3.75 3.75 0 017.5 0zM26.25 7.75a3.75 3.75 0 100-7.5 3.75 3.75 0 000 7.5z" _fill="#000"></path>
    </svg></base-button-stub>
  <div class="extra-actions__content">
    <div><span>View record info</span></div>
    <base-action-tooltip-stub tooltip="Copied">
      <div><span>Copy text</span></div>
    </base-action-tooltip-stub>
  </div>
</div>
`;
