// Jest Snapshot v1, https://goo.gl/fbAQLP

exports[`TaskSidebar Show sidebar panel 1`] = `
<div class="sidebar__container">
  <aside class="sidebar TextClassification">
    <div class="sidebar__wrapper">
      <div class="sidebar__content"><a href="#" class="sidebar__close-button"><svg version="1.1" viewBox="0 0 41 40" class="svg-icon svg-fill" style="width: 12px; height: 12px;">
            <path pid="0" d="M11.5 8l3-3 15 15-15 15-3-3 12-12-12-12z" _fill="#000"></path>
          </svg></a>
        <transition-stub name="fade" appear="true" duration="500">
          <!---->
        </transition-stub>
      </div>
    </div>
  </aside>
  <textclassificationsidebar-stub dataset="[object Object]"></textclassificationsidebar-stub>
</div>
`;

exports[`TaskSidebar renders properly 1`] = `
<div class="sidebar__container">
  <aside class="sidebar TextClassification">
    <div class="sidebar__wrapper">
      <div class="sidebar__content"><a href="#" class="sidebar__close-button"><svg version="1.1" viewBox="0 0 41 40" class="svg-icon svg-fill" style="width: 12px; height: 12px;">
            <path pid="0" d="M11.5 8l3-3 15 15-15 15-3-3 12-12-12-12z" _fill="#000"></path>
          </svg></a>
        <transition-stub name="fade" appear="true" duration="500">
          <!---->
        </transition-stub>
      </div>
    </div>
  </aside>
  <textclassificationsidebar-stub dataset="[object Object]"></textclassificationsidebar-stub>
</div>
`;
