// Jest Snapshot v1, https://goo.gl/fbAQLP

exports[`BaseTableInfo renders properly 1`] = `
<transition-stub name="fade" appear="true" filterfromroute="workspace">
  <div class="table-info">
    <div class="table-info__header">
      <div class="table-info__item">
        <div class="table-info__item__col">
          <lazy-table-filtrable-column-stub column="[object Object]" data="[object Object],[object Object]" filters="[object Object]"></lazy-table-filtrable-column-stub>
        </div>
      </div>
    </div>
    <div class="table-info__body">
      <ul>
        <li>
          <div class="table-info__item">
            <!----> <span class="table-info__item__col"><span class="text"><span>recognai</span></span></span>
            <div class="table-info__actions"></div>
            <base-modal-stub modal-custom="true" prevent-body-scroll="true" modal-class="modal-secondary" modal-title="Delete confirmation">
              <div>
                <p>You are about to delete: <strong>undefined</strong>. This action cannot be undone</p>
                <div class="modal-buttons">
                  <base-button-stub class="primary outline">
                    Cancel
                  </base-button-stub>
                  <base-button-stub class="primary">
                    Yes, delete
                  </base-button-stub>
                </div>
              </div>
            </base-modal-stub>
          </div>
        </li>
        <li>
          <div class="table-info__item">
            <!----> <span class="table-info__item__col"><span class="text"><span>recognai</span></span></span>
            <div class="table-info__actions"></div>
            <base-modal-stub modal-custom="true" prevent-body-scroll="true" modal-class="modal-secondary" modal-title="Delete confirmation">
              <div>
                <p>You are about to delete: <strong>undefined</strong>. This action cannot be undone</p>
                <div class="modal-buttons">
                  <base-button-stub class="primary outline">
                    Cancel
                  </base-button-stub>
                  <base-button-stub class="primary">
                    Yes, delete
                  </base-button-stub>
                </div>
              </div>
            </base-modal-stub>
          </div>
        </li>
      </ul>
    </div>
  </div>
</transition-stub>
`;
