// Jest Snapshot v1, https://goo.gl/fbAQLP

exports[`ReTableInfo renders properly 1`] = `
<transition-stub name="fade" appear="true" filterfromroute="owner">
  <div class="table-info">
    <div class="table-info__header">
      <div class="table-info__item">
        <div class="table-info__item__col">
          <lazy-table-filtrable-column column="[object Object]" data="[object Object],[object Object]" filters="[object Object]"></lazy-table-filtrable-column>
        </div>
      </div>
    </div>
    <div class="table-info__body">
      <!---->
      <ul>
        <li>
          <div class="table-info__item"><span class="table-info__item__col"><span class="text"><span>recognai</span></span></span>
            <div class="table-info__actions"></div>
            <remodal modal-custom="true" prevent-body-scroll="true" modal-class="modal-secondary" modal-visible="true" modal-position="modal-center">
              <div>
                <p class="modal__title">Delete confirmation</p>
                <p>You are about to delete: <strong>undefined</strong>. This action cannot be undone</p>
                <div class="modal-buttons">
                  <rebutton class="button-tertiary--small button-tertiary--outline">
                    Cancel
                  </rebutton>
                  <rebutton class="button-secondary--small">
                    Yes, delete
                  </rebutton>
                </div>
              </div>
            </remodal>
          </div>
        </li>
        <li>
          <div class="table-info__item"><span class="table-info__item__col"><span class="text"><span>recognai</span></span></span>
            <div class="table-info__actions"></div>
            <remodal modal-custom="true" prevent-body-scroll="true" modal-class="modal-secondary" modal-visible="true" modal-position="modal-center">
              <div>
                <p class="modal__title">Delete confirmation</p>
                <p>You are about to delete: <strong>undefined</strong>. This action cannot be undone</p>
                <div class="modal-buttons">
                  <rebutton class="button-tertiary--small button-tertiary--outline">
                    Cancel
                  </rebutton>
                  <rebutton class="button-secondary--small">
                    Yes, delete
                  </rebutton>
                </div>
              </div>
            </remodal>
          </div>
        </li>
      </ul>
    </div>
  </div>
</transition-stub>
`;
