// Jest Snapshot v1, https://goo.gl/fbAQLP

exports[`RecordsCounter renders properly 1`] = ``;
